#0 building with "default" instance using docker driver

#1 [internal] load build definition from Dockerfile
#1 transferring dockerfile: 1.10kB 0.0s done
#1 DONE 0.0s

#2 [internal] load metadata for nvcr.io/nvidia/isaac-sim:5.1.0
#2 ...

#3 [auth] nvidia/isaac-sim:pull token for nvcr.io
#3 DONE 0.0s

#2 [internal] load metadata for nvcr.io/nvidia/isaac-sim:5.1.0
#2 DONE 2.0s

#4 [internal] load .dockerignore
#4 transferring context: 2B done
#4 DONE 0.0s

#5 [1/3] FROM nvcr.io/nvidia/isaac-sim:5.1.0@sha256:f3563cb2ba0c18af0b2fb321360dcb73a917b899f879e3213623d6bee484fa54
#5 resolve nvcr.io/nvidia/isaac-sim:5.1.0@sha256:f3563cb2ba0c18af0b2fb321360dcb73a917b899f879e3213623d6bee484fa54 done
#5 sha256:88a179c20f7b61825ddcc5e15a6323a143bef4ee97fdbd3982d885d515d42906 0B / 131B 0.1s
#5 sha256:b08e2ff4391ef70ca747960a731d1f21a75febbd86edc403cd1514a099615808 0B / 29.72MB 0.1s
#5 sha256:1da7123d9f2062daf2df982fa338a6c7c43f79e2e365735896d6b3a890af0013 0B / 84.83MB 0.1s
#5 sha256:93b0f99635ab126fb5b33298d513c11520f119f0ee60ff8414ccef67ea977829 3.85kB / 3.85kB done
#5 sha256:781acaa42e829e01a43706ab79649b8e7494a368cecc90edfbfc71341e09d4cd 8.57kB / 8.57kB done
#5 sha256:f3563cb2ba0c18af0b2fb321360dcb73a917b899f879e3213623d6bee484fa54 743B / 743B done
#5 sha256:88a179c20f7b61825ddcc5e15a6323a143bef4ee97fdbd3982d885d515d42906 131B / 131B 0.1s done
#5 sha256:4f4fb700ef54461cfa02571ae0db9a0dc1e0cdb5577484a6d75e68dc38e8acc1 0B / 32B 0.3s
#5 sha256:b08e2ff4391ef70ca747960a731d1f21a75febbd86edc403cd1514a099615808 3.15MB / 29.72MB 0.4s
#5 sha256:b08e2ff4391ef70ca747960a731d1f21a75febbd86edc403cd1514a099615808 10.49MB / 29.72MB 0.5s
#5 sha256:b08e2ff4391ef70ca747960a731d1f21a75febbd86edc403cd1514a099615808 22.02MB / 29.72MB 0.7s
#5 sha256:4f4fb700ef54461cfa02571ae0db9a0dc1e0cdb5577484a6d75e68dc38e8acc1 32B / 32B 0.5s done
#5 sha256:02c044224ab8c0ca1fcf82cfcf986276182d6cc7f8adacee241b456febede957 289B / 289B 0.6s done
#5 sha256:94d1fac93cee3ac1275ea09c4ecc105b3555a3f474bd5f65031ca8d556081f12 0B / 286B 0.7s
#5 sha256:b08e2ff4391ef70ca747960a731d1f21a75febbd86edc403cd1514a099615808 29.36MB / 29.72MB 0.8s
#5 sha256:1da7123d9f2062daf2df982fa338a6c7c43f79e2e365735896d6b3a890af0013 10.49MB / 84.83MB 0.8s
#5 sha256:94d1fac93cee3ac1275ea09c4ecc105b3555a3f474bd5f65031ca8d556081f12 286B / 286B 0.7s done
#5 sha256:60a8ce43c0b5bad5a5157479192cc34e43e2a16173e5e05fcf3e57c7363ba484 0B / 277B 0.8s
#5 sha256:b08e2ff4391ef70ca747960a731d1f21a75febbd86edc403cd1514a099615808 29.72MB / 29.72MB 0.9s done
#5 sha256:1da7123d9f2062daf2df982fa338a6c7c43f79e2e365735896d6b3a890af0013 28.31MB / 84.83MB 1.0s
#5 sha256:60a8ce43c0b5bad5a5157479192cc34e43e2a16173e5e05fcf3e57c7363ba484 277B / 277B 0.9s done
#5 sha256:36b9c1c25bc12a0416f978e84e4bef2ade064f94112a21c1e2ace6b722701377 0B / 3.55kB 1.0s
#5 sha256:83e99b1b5b4dfee69fd1dfdda5e71b007108e2b0a65c7676872e8cabcfdaab82 0B / 483B 1.0s
#5 sha256:1da7123d9f2062daf2df982fa338a6c7c43f79e2e365735896d6b3a890af0013 37.75MB / 84.83MB 1.1s
#5 sha256:36b9c1c25bc12a0416f978e84e4bef2ade064f94112a21c1e2ace6b722701377 3.55kB / 3.55kB 1.1s done
#5 sha256:83e99b1b5b4dfee69fd1dfdda5e71b007108e2b0a65c7676872e8cabcfdaab82 483B / 483B 1.0s done
#5 extracting sha256:b08e2ff4391ef70ca747960a731d1f21a75febbd86edc403cd1514a099615808 0.1s
#5 sha256:b6c279fb3d9fd4af1fc4f542b17a45891b26fef02f9f14e88fc45ff9b8aaffec 0B / 99B 1.1s
#5 sha256:28be3cd701d4bb377cd628a92ecb67b1e2de13bb0a51855c830399cfc3ad0cc5 0B / 7.50GB 1.1s
#5 sha256:1da7123d9f2062daf2df982fa338a6c7c43f79e2e365735896d6b3a890af0013 46.14MB / 84.83MB 1.2s
#5 sha256:1da7123d9f2062daf2df982fa338a6c7c43f79e2e365735896d6b3a890af0013 53.48MB / 84.83MB 1.3s
#5 sha256:b6c279fb3d9fd4af1fc4f542b17a45891b26fef02f9f14e88fc45ff9b8aaffec 99B / 99B 1.2s done
#5 sha256:21db504e8800737646e2baf561051756701cce606e66b3ee3aa93b58fa4b136a 0B / 155B 1.3s
#5 sha256:1da7123d9f2062daf2df982fa338a6c7c43f79e2e365735896d6b3a890af0013 61.87MB / 84.83MB 1.4s
#5 sha256:21db504e8800737646e2baf561051756701cce606e66b3ee3aa93b58fa4b136a 155B / 155B 1.3s done
#5 sha256:ccdbb44ded143a3baa1deb821b52f06f7cdc07a1bc081e241dc445d0d339e76f 0B / 173B 1.4s
#5 sha256:1da7123d9f2062daf2df982fa338a6c7c43f79e2e365735896d6b3a890af0013 69.21MB / 84.83MB 1.5s
#5 sha256:ccdbb44ded143a3baa1deb821b52f06f7cdc07a1bc081e241dc445d0d339e76f 173B / 173B 1.4s done
#5 sha256:76592f3487852e8723e1d642908cbdfb6488ceb145caa8cf20d601ae9cdb9e4f 0B / 1.91kB 1.5s
#5 sha256:1da7123d9f2062daf2df982fa338a6c7c43f79e2e365735896d6b3a890af0013 75.50MB / 84.83MB 1.6s
#5 sha256:76592f3487852e8723e1d642908cbdfb6488ceb145caa8cf20d601ae9cdb9e4f 1.91kB / 1.91kB 1.5s done
#5 sha256:1da7123d9f2062daf2df982fa338a6c7c43f79e2e365735896d6b3a890af0013 84.83MB / 84.83MB 1.7s
#5 sha256:1da7123d9f2062daf2df982fa338a6c7c43f79e2e365735896d6b3a890af0013 84.83MB / 84.83MB 2.0s done
#5 extracting sha256:b08e2ff4391ef70ca747960a731d1f21a75febbd86edc403cd1514a099615808 1.2s done
#5 extracting sha256:88a179c20f7b61825ddcc5e15a6323a143bef4ee97fdbd3982d885d515d42906 done
#5 extracting sha256:1da7123d9f2062daf2df982fa338a6c7c43f79e2e365735896d6b3a890af0013 0.1s
#5 extracting sha256:1da7123d9f2062daf2df982fa338a6c7c43f79e2e365735896d6b3a890af0013 2.3s done
#5 extracting sha256:4f4fb700ef54461cfa02571ae0db9a0dc1e0cdb5577484a6d75e68dc38e8acc1 done
#5 extracting sha256:02c044224ab8c0ca1fcf82cfcf986276182d6cc7f8adacee241b456febede957 done
#5 extracting sha256:94d1fac93cee3ac1275ea09c4ecc105b3555a3f474bd5f65031ca8d556081f12 done
#5 extracting sha256:60a8ce43c0b5bad5a5157479192cc34e43e2a16173e5e05fcf3e57c7363ba484 done
#5 extracting sha256:83e99b1b5b4dfee69fd1dfdda5e71b007108e2b0a65c7676872e8cabcfdaab82 done
#5 extracting sha256:36b9c1c25bc12a0416f978e84e4bef2ade064f94112a21c1e2ace6b722701377 done
#5 extracting sha256:b6c279fb3d9fd4af1fc4f542b17a45891b26fef02f9f14e88fc45ff9b8aaffec
#5 extracting sha256:b6c279fb3d9fd4af1fc4f542b17a45891b26fef02f9f14e88fc45ff9b8aaffec done
#5 sha256:28be3cd701d4bb377cd628a92ecb67b1e2de13bb0a51855c830399cfc3ad0cc5 386.92MB / 7.50GB 6.1s
#5 sha256:28be3cd701d4bb377cd628a92ecb67b1e2de13bb0a51855c830399cfc3ad0cc5 778.04MB / 7.50GB 11.0s
#5 sha256:28be3cd701d4bb377cd628a92ecb67b1e2de13bb0a51855c830399cfc3ad0cc5 1.16GB / 7.50GB 15.9s
#5 sha256:28be3cd701d4bb377cd628a92ecb67b1e2de13bb0a51855c830399cfc3ad0cc5 1.55GB / 7.50GB 20.8s
#5 sha256:28be3cd701d4bb377cd628a92ecb67b1e2de13bb0a51855c830399cfc3ad0cc5 1.94GB / 7.50GB 25.7s
#5 sha256:28be3cd701d4bb377cd628a92ecb67b1e2de13bb0a51855c830399cfc3ad0cc5 2.32GB / 7.50GB 30.3s
#5 sha256:28be3cd701d4bb377cd628a92ecb67b1e2de13bb0a51855c830399cfc3ad0cc5 2.70GB / 7.50GB 35.0s
#5 sha256:28be3cd701d4bb377cd628a92ecb67b1e2de13bb0a51855c830399cfc3ad0cc5 3.08GB / 7.50GB 39.7s
#5 sha256:28be3cd701d4bb377cd628a92ecb67b1e2de13bb0a51855c830399cfc3ad0cc5 3.45GB / 7.50GB 44.4s
#5 sha256:28be3cd701d4bb377cd628a92ecb67b1e2de13bb0a51855c830399cfc3ad0cc5 3.84GB / 7.50GB 49.3s
#5 sha256:28be3cd701d4bb377cd628a92ecb67b1e2de13bb0a51855c830399cfc3ad0cc5 4.23GB / 7.50GB 54.0s
#5 sha256:28be3cd701d4bb377cd628a92ecb67b1e2de13bb0a51855c830399cfc3ad0cc5 4.61GB / 7.50GB 59.0s
#5 sha256:28be3cd701d4bb377cd628a92ecb67b1e2de13bb0a51855c830399cfc3ad0cc5 5.00GB / 7.50GB 63.7s
#5 sha256:28be3cd701d4bb377cd628a92ecb67b1e2de13bb0a51855c830399cfc3ad0cc5 5.38GB / 7.50GB 68.5s
#5 sha256:28be3cd701d4bb377cd628a92ecb67b1e2de13bb0a51855c830399cfc3ad0cc5 5.76GB / 7.50GB 73.1s
#5 sha256:28be3cd701d4bb377cd628a92ecb67b1e2de13bb0a51855c830399cfc3ad0cc5 6.13GB / 7.50GB 77.9s
#5 sha256:28be3cd701d4bb377cd628a92ecb67b1e2de13bb0a51855c830399cfc3ad0cc5 6.51GB / 7.50GB 82.7s
#5 sha256:28be3cd701d4bb377cd628a92ecb67b1e2de13bb0a51855c830399cfc3ad0cc5 6.90GB / 7.50GB 87.4s
#5 sha256:28be3cd701d4bb377cd628a92ecb67b1e2de13bb0a51855c830399cfc3ad0cc5 7.29GB / 7.50GB 92.3s
#5 sha256:28be3cd701d4bb377cd628a92ecb67b1e2de13bb0a51855c830399cfc3ad0cc5 7.50GB / 7.50GB 97.3s
#5 sha256:28be3cd701d4bb377cd628a92ecb67b1e2de13bb0a51855c830399cfc3ad0cc5 7.50GB / 7.50GB 102.4s
#5 sha256:28be3cd701d4bb377cd628a92ecb67b1e2de13bb0a51855c830399cfc3ad0cc5 7.50GB / 7.50GB 102.9s done
#5 extracting sha256:28be3cd701d4bb377cd628a92ecb67b1e2de13bb0a51855c830399cfc3ad0cc5
#5 extracting sha256:28be3cd701d4bb377cd628a92ecb67b1e2de13bb0a51855c830399cfc3ad0cc5 5.1s
#5 extracting sha256:28be3cd701d4bb377cd628a92ecb67b1e2de13bb0a51855c830399cfc3ad0cc5 10.1s
#5 extracting sha256:28be3cd701d4bb377cd628a92ecb67b1e2de13bb0a51855c830399cfc3ad0cc5 15.2s
#5 extracting sha256:28be3cd701d4bb377cd628a92ecb67b1e2de13bb0a51855c830399cfc3ad0cc5 20.2s
#5 extracting sha256:28be3cd701d4bb377cd628a92ecb67b1e2de13bb0a51855c830399cfc3ad0cc5 25.3s
#5 extracting sha256:28be3cd701d4bb377cd628a92ecb67b1e2de13bb0a51855c830399cfc3ad0cc5 30.3s
#5 extracting sha256:28be3cd701d4bb377cd628a92ecb67b1e2de13bb0a51855c830399cfc3ad0cc5 35.4s
#5 extracting sha256:28be3cd701d4bb377cd628a92ecb67b1e2de13bb0a51855c830399cfc3ad0cc5 40.4s
#5 extracting sha256:28be3cd701d4bb377cd628a92ecb67b1e2de13bb0a51855c830399cfc3ad0cc5 45.4s
#5 extracting sha256:28be3cd701d4bb377cd628a92ecb67b1e2de13bb0a51855c830399cfc3ad0cc5 50.4s
#5 extracting sha256:28be3cd701d4bb377cd628a92ecb67b1e2de13bb0a51855c830399cfc3ad0cc5 55.9s
#5 extracting sha256:28be3cd701d4bb377cd628a92ecb67b1e2de13bb0a51855c830399cfc3ad0cc5 61.0s
#5 extracting sha256:28be3cd701d4bb377cd628a92ecb67b1e2de13bb0a51855c830399cfc3ad0cc5 66.1s
#5 extracting sha256:28be3cd701d4bb377cd628a92ecb67b1e2de13bb0a51855c830399cfc3ad0cc5 71.1s
#5 extracting sha256:28be3cd701d4bb377cd628a92ecb67b1e2de13bb0a51855c830399cfc3ad0cc5 76.2s
#5 extracting sha256:28be3cd701d4bb377cd628a92ecb67b1e2de13bb0a51855c830399cfc3ad0cc5 81.3s
#5 extracting sha256:28be3cd701d4bb377cd628a92ecb67b1e2de13bb0a51855c830399cfc3ad0cc5 86.3s
#5 extracting sha256:28be3cd701d4bb377cd628a92ecb67b1e2de13bb0a51855c830399cfc3ad0cc5 91.4s
#5 extracting sha256:28be3cd701d4bb377cd628a92ecb67b1e2de13bb0a51855c830399cfc3ad0cc5 96.5s
#5 extracting sha256:28be3cd701d4bb377cd628a92ecb67b1e2de13bb0a51855c830399cfc3ad0cc5 101.6s
#5 extracting sha256:28be3cd701d4bb377cd628a92ecb67b1e2de13bb0a51855c830399cfc3ad0cc5 106.6s
#5 extracting sha256:28be3cd701d4bb377cd628a92ecb67b1e2de13bb0a51855c830399cfc3ad0cc5 111.6s
#5 extracting sha256:28be3cd701d4bb377cd628a92ecb67b1e2de13bb0a51855c830399cfc3ad0cc5 116.8s
#5 extracting sha256:28be3cd701d4bb377cd628a92ecb67b1e2de13bb0a51855c830399cfc3ad0cc5 121.8s
#5 extracting sha256:28be3cd701d4bb377cd628a92ecb67b1e2de13bb0a51855c830399cfc3ad0cc5 126.9s
#5 extracting sha256:28be3cd701d4bb377cd628a92ecb67b1e2de13bb0a51855c830399cfc3ad0cc5 131.9s
#5 extracting sha256:28be3cd701d4bb377cd628a92ecb67b1e2de13bb0a51855c830399cfc3ad0cc5 137.0s
#5 extracting sha256:28be3cd701d4bb377cd628a92ecb67b1e2de13bb0a51855c830399cfc3ad0cc5 142.0s
#5 extracting sha256:28be3cd701d4bb377cd628a92ecb67b1e2de13bb0a51855c830399cfc3ad0cc5 147.1s
#5 extracting sha256:28be3cd701d4bb377cd628a92ecb67b1e2de13bb0a51855c830399cfc3ad0cc5 152.1s
#5 extracting sha256:28be3cd701d4bb377cd628a92ecb67b1e2de13bb0a51855c830399cfc3ad0cc5 157.3s
#5 extracting sha256:28be3cd701d4bb377cd628a92ecb67b1e2de13bb0a51855c830399cfc3ad0cc5 162.4s
#5 extracting sha256:28be3cd701d4bb377cd628a92ecb67b1e2de13bb0a51855c830399cfc3ad0cc5 167.5s
#5 extracting sha256:28be3cd701d4bb377cd628a92ecb67b1e2de13bb0a51855c830399cfc3ad0cc5 170.9s done
#5 extracting sha256:21db504e8800737646e2baf561051756701cce606e66b3ee3aa93b58fa4b136a
#5 extracting sha256:21db504e8800737646e2baf561051756701cce606e66b3ee3aa93b58fa4b136a done
#5 extracting sha256:ccdbb44ded143a3baa1deb821b52f06f7cdc07a1bc081e241dc445d0d339e76f
#5 extracting sha256:ccdbb44ded143a3baa1deb821b52f06f7cdc07a1bc081e241dc445d0d339e76f done
#5 extracting sha256:76592f3487852e8723e1d642908cbdfb6488ceb145caa8cf20d601ae9cdb9e4f
#5 extracting sha256:76592f3487852e8723e1d642908cbdfb6488ceb145caa8cf20d601ae9cdb9e4f done
#5 DONE 278.7s

#6 [2/3] RUN chmod -R a+rX /isaac-sim
#6 DONE 147.5s

#7 [3/3] RUN mkdir -p     /isaac-sim/.cache     /isaac-sim/.nv/ComputeCache     /isaac-sim/.nvidia-omniverse/logs     /isaac-sim/.nvidia-omniverse/config     /isaac-sim/.local/share/ov/data     /isaac-sim/.local/share/ov/pkg     && chmod -R a+rwx     /isaac-sim/.cache     /isaac-sim/.nv     /isaac-sim/.nvidia-omniverse     /isaac-sim/.local/share/ov
#7 DONE 0.4s

#8 exporting to image
#8 exporting layers
#8 exporting layers 97.9s done
#8 writing image sha256:87203c6f8585701b948861d41112ecf8645439996be574624fca0056f27e0912 done
#8 naming to docker.io/jaydenli1015/isaac-sim-c1:5.1.0 done
#8 DONE 97.9s
