The push refers to repository [docker.io/jaydenli1015/isaac-sim-c1]
15be6eefc14a: Preparing
1a4d754356f4: Preparing
8ef1378e13b3: Preparing
28fe06da5337: Preparing
5f70bf18a086: Preparing
63345de776fd: Preparing
beba190f0440: Preparing
5f70bf18a086: Preparing
5f70bf18a086: Preparing
c6a5dd91cd3d: Preparing
abc223a39911: Preparing
fe55475141c6: Preparing
fe6e6cc231c4: Preparing
3399d435180d: Preparing
f4d3888c9dd4: Preparing
5f70bf18a086: Preparing
cc1476b73817: Preparing
557d58392f0d: Preparing
45a01f98e78c: Preparing
beba190f0440: Waiting
c6a5dd91cd3d: Waiting
fe6e6cc231c4: Waiting
abc223a39911: Waiting
f4d3888c9dd4: Waiting
63345de776fd: Waiting
3399d435180d: Waiting
cc1476b73817: Waiting
fe55475141c6: Waiting
45a01f98e78c: Waiting
557d58392f0d: Waiting
5f70bf18a086: Mounted from rnakato/shortcake_light
8ef1378e13b3: Pushed
28fe06da5337: Pushed
15be6eefc14a: Pushed
63345de776fd: Pushed
abc223a39911: Pushed
c6a5dd91cd3d: Pushed
fe55475141c6: Pushed
fe6e6cc231c4: Pushed
3399d435180d: Pushed
f4d3888c9dd4: Pushed
557d58392f0d: Pushed
45a01f98e78c: Mounted from etycksen/coffee
cc1476b73817: Pushed
1a4d754356f4: Pushed
beba190f0440: Pushed
5.1.0: digest: sha256:9bc9efaa76803f3280fdf14bb4cce0fef489f5fbea25f46b6ff199220a7fe62a size: 4271
