=== IMAGE DIAG: 4.5.0 ===
uid=2024248(jayden) gid=1000070(domain users) groups=1000070(domain users),1208826(compute),1254277(storage-home1-home-ro),1304231(storage-bga-gmsroot-ro),1304616(storage-bga-site-locks-rw),1304619(storage-bga-shared-ro),1313191(storage-ris-sas-ro),1358928(storage-engineering-licenses-ro),1358962(storage-engineering-bin-ro),1377617(compute-sibai),1377618(storage-sibai),5160381(compute2),5453544(storage-ris-services-ris-compute2-public-ro),7045317(compute2-sibai),7147214(storage3-bga-gmsroot-ro),7147226(storage3-bga-shared-ro),7147233(storage3-bga-site-locks-rw),7151590(storage1),7151591(storage2),7151592(storage3),7151593(storage),7151594(computeservice)
--- ls / ---
total 5
drwxr-xr-x.    1 root   root          102 Jun 18 04:15 .
drwxr-xr-x.    1 root   root          102 Jun 18 04:15 ..
-rwxr-xr-x.    1 root   root            0 Jun 18 04:14 .dockerenv
lrwxrwxrwx.    1 root   root            7 Sep 11  2024 bin -> usr/bin
drwxr-xr-x.    2 root   root            6 Apr 18  2022 boot
drwxr-xr-x.    7 root   root          580 Jun 18 04:15 dev
drwxr-xr-x.    1 root   root           39 Jun 18 04:15 etc
-rwxr-xr-x.    1 root   root          588 Jan  6  2025 eula.sh
drwxr-xr-x.    1 root   root           20 Jun 18 04:15 home
drwxr-xr-x.    1 root   root           32 Jan 28  2025 isaac-sim
lrwxrwxrwx.    1 root   root            7 Sep 11  2024 lib -> usr/lib
lrwxrwxrwx.    1 root   root            9 Sep 11  2024 lib32 -> usr/lib32
lrwxrwxrwx.    1 root   root            9 Sep 11  2024 lib64 -> usr/lib64
lrwxrwxrwx.    1 root   root           10 Sep 11  2024 libx32 -> usr/libx32
drwxr-xr-x.    2 root   root            6 Sep 11  2024 media
drwxr-xr-x.    2 root   root            6 Sep 11  2024 mnt
drwxr-xr-x.    1 root   root           28 Jun 18 04:15 opt
dr-xr-xr-x. 1063 root   root            0 Jun 18 04:15 proc
drwxr-xr-x.    3 root   root           17 Jun 18 04:15 rdcw
--- try /isaac-sim ---
total 228
drwxr-xr-x.   1 root root    32 Jan 28  2025 .
drwxr-xr-x.   1 root root   102 Jun 18 04:15 ..
drwxr-xr-x.   2 root root    64 Jan 28  2025 .vscode
-rw-r--r--.   1 root root 49043 Jan 28  2025 LICENSE.txt
  File: /isaac-sim
  Size: 32        	Blocks: 0          IO Block: 4096   directory
Device: 56h/86d	Inode: 439404809   Links: 1
Access: (0755/drwxr-xr-x)  Uid: (    0/    root)   Gid: (    0/    root)
Access: 2026-06-18 04:14:14.403726587 +0000
Modify: 2025-01-28 04:46:46.000000000 +0000
Change: 2026-06-18 04:14:14.402726500 +0000
 Birth: 2026-06-18 04:14:14.402726500 +0000
--- try python.sh ---
-rwxr-xr-x. 1 root root 1218 Jan 28  2025 /isaac-sim/python.sh
ok
=== END ===

------------------------------------------------------------
Sender: LSF System <lsfadmin@compute1-exec-197.ris.wustl.edu>
Subject: Job 670451: </bin/bash /workspace/_diag_c1_image.sh 4.5.0> in cluster <compute1-lsf> Done

Job </bin/bash /workspace/_diag_c1_image.sh 4.5.0> was submitted from host <compute1-client-1.ris.wustl.edu> by user <jayden> in cluster <compute1-lsf> at Wed Jun 17 23:09:22 2026
Job was executed on host(s) <2*compute1-exec-197.ris.wustl.edu>, in queue <general-interactive>, as user <jayden> in cluster <compute1-lsf> at Wed Jun 17 23:09:24 2026
</home/jayden> was used as the home directory.
</rdcw/fs2/sibai/Active/ihab/research_new> was used as the working directory.
Started at Wed Jun 17 23:09:24 2026
Terminated at Wed Jun 17 23:15:11 2026
Results reported at Wed Jun 17 23:15:11 2026

Your job looked like:

------------------------------------------------------------
# LSBATCH: User input
/bin/bash /workspace/_diag_c1_image.sh 4.5.0
------------------------------------------------------------

Successfully completed.

Resource usage summary:

    CPU time :                                   53755736.00 sec.
    Max Memory :                                 20171779 MB
    Average Memory :                             3935876.50 MB
    Total Requested Memory :                     16384.00 MB
    Delta Memory :                               -20155396.00 MB
    Max Swap :                                   -
    Max Processes :                              5
    Max Threads :                                21
    Run time :                                   349 sec.
    Turnaround time :                            349 sec.

The output (if any) is above this job summary.



PS:

Read file </storage1/fs1/sibai/Active/ihab/research_new/dino_wm_jayden/IsaacLab/_diag_450.err> for stderr output of this job.

